// Jest Snapshot v1, https://goo.gl/fbAQLP

exports[`Lists all incoming Transactions renders correctly 1`] = `
<section>
  <section>
    <p>
      undefined undefined
    </p>
  </section>
</section>
`;
