// Jest Snapshot v1, https://goo.gl/fbAQLP

exports[`Single Transaction Shows a section containing a timestamp (date, month, year) and the transaction value 1`] = `undefined`;
