// Jest Snapshot v1, https://goo.gl/fbAQLP

exports[`AddTransactionButton renders correctly 1`] = `
<div>
  <a
    class="AddTransactionButton__AddTrxRoute-sc-12jarje-0 bcjktu"
    href="/add-new-transaction"
  >
    <svg
      class="AddTransactionButton__AddImage-sc-12jarje-1 dMOSom"
      fill="var(--white)"
      height="40"
      viewBox="0 0 24 24"
      width="40"
      xmlns="http://www.w3.org/2000/svg"
    >
      <path
        d="M0 0h24v24H0V0z"
        fill="none"
      />
      <path
        d="M19 13h-6v6h-2v-6H5v-2h6V5h2v6h6v2z"
      />
    </svg>
  </a>
</div>
`;
